[0m20:16:28.550539 [debug] [MainThread]: Sending event: {'category': 'dbt', 'action': 'invocation', 'label': 'start', 'context': [<snowplow_tracker.self_describing_json.SelfDescribingJson object at 0x000001BF2EC91E80>, <snowplow_tracker.self_describing_json.SelfDescribingJson object at 0x000001BF2BA2B250>, <snowplow_tracker.self_describing_json.SelfDescribingJson object at 0x000001BF31043B10>]}


============================== 20:16:28.554140 | 05674333-97d3-4f80-937c-a70d6dc848bf ==============================
[0m20:16:28.554140 [info ] [MainThread]: Running with dbt=1.11.8
[0m20:16:28.554641 [debug] [MainThread]: running dbt with arguments {'static_parser': 'True', 'no_print': 'None', 'version_check': 'True', 'warn_error_options': 'WarnErrorOptionsV2(error=[], warn=[], silence=[])', 'target_path': 'None', 'printer_width': '80', 'write_json': 'True', 'empty': 'None', 'log_cache_events': 'False', 'introspect': 'True', 'cache_selected_only': 'False', 'log_format': 'default', 'debug': 'False', 'fail_fast': 'False', 'profiles_dir': 'C:\\Users\\Jeffy PC 2022\\.dbt', 'send_anonymous_usage_stats': 'True', 'quiet': 'False', 'warn_error': 'None', 'partial_parse': 'True', 'use_colors': 'True', 'invocation_command': 'dbt init amazon_etl', 'indirect_selection': 'eager', 'use_experimental_parser': 'False', 'log_path': 'logs'}
[0m20:16:28.568761 [info ] [MainThread]: Creating dbt configuration folder at C:\Users\Jeffy PC 2022\.dbt
[0m20:16:28.570493 [debug] [MainThread]: Starter project path: C:\Users\Jeffy PC 2022\AppData\Local\Programs\Python\Python313\Lib\site-packages\dbt\include\starter_project
[0m20:16:28.591059 [info ] [MainThread]: 
Your new dbt project "amazon_etl" was created!

For more information on how to configure the profiles.yml file,
please consult the dbt documentation here:

  https://docs.getdbt.com/docs/configure-your-profile

One more thing:

Need help? Don't hesitate to reach out to us via GitHub issues or on Slack:

  https://community.getdbt.com/

Happy modeling!

[0m20:16:28.591472 [info ] [MainThread]: Setting up your profile.
[0m20:16:38.836318 [debug] [MainThread]: Spark adapter: Setting pyhive.hive logging to ERROR
[0m20:16:38.836693 [debug] [MainThread]: Spark adapter: Setting thrift.transport logging to ERROR
[0m20:16:38.836908 [debug] [MainThread]: Spark adapter: Setting thrift.protocol logging to ERROR
[0m20:23:22.446536 [info ] [MainThread]: Profile amazon_etl written to C:\Users\Jeffy PC 2022\.dbt\profiles.yml using target's profile_template.yml and your supplied values. Run 'dbt debug' to validate the connection.
[0m20:23:22.447654 [debug] [MainThread]: Command `dbt init` succeeded at 20:23:22.447536 after 413.98 seconds
[0m20:23:22.447954 [debug] [MainThread]: Sending event: {'category': 'dbt', 'action': 'invocation', 'label': 'end', 'context': [<snowplow_tracker.self_describing_json.SelfDescribingJson object at 0x000001BF310C0C30>, <snowplow_tracker.self_describing_json.SelfDescribingJson object at 0x000001BF32E54050>, <snowplow_tracker.self_describing_json.SelfDescribingJson object at 0x000001BF537187C0>]}
[0m20:23:22.448248 [debug] [MainThread]: Flushing usage events
[0m20:23:22.918719 [debug] [MainThread]: An error was encountered while trying to flush usage events
[0m20:23:32.206960 [debug] [MainThread]: Sending event: {'category': 'dbt', 'action': 'invocation', 'label': 'start', 'context': [<snowplow_tracker.self_describing_json.SelfDescribingJson object at 0x0000029798E99E80>, <snowplow_tracker.self_describing_json.SelfDescribingJson object at 0x0000029795BC7390>, <snowplow_tracker.self_describing_json.SelfDescribingJson object at 0x0000029799B82C10>]}


============================== 20:23:32.210488 | 9b5c39f6-9b2d-452b-b001-5ac023144df1 ==============================
[0m20:23:32.210488 [info ] [MainThread]: Running with dbt=1.11.8
[0m20:23:32.210986 [debug] [MainThread]: running dbt with arguments {'version_check': 'True', 'no_print': 'None', 'static_parser': 'True', 'warn_error_options': 'WarnErrorOptionsV2(error=[], warn=[], silence=[])', 'target_path': 'None', 'printer_width': '80', 'write_json': 'True', 'empty': 'None', 'log_cache_events': 'False', 'introspect': 'True', 'cache_selected_only': 'False', 'fail_fast': 'False', 'debug': 'False', 'log_format': 'default', 'partial_parse': 'True', 'send_anonymous_usage_stats': 'True', 'quiet': 'False', 'warn_error': 'None', 'profiles_dir': 'C:\\Users\\Jeffy PC 2022\\.dbt', 'invocation_command': 'dbt debug', 'indirect_selection': 'eager', 'use_colors': 'True', 'use_experimental_parser': 'False', 'log_path': 'logs'}
[0m20:23:32.225669 [info ] [MainThread]: dbt version: 1.11.8
[0m20:23:32.226063 [info ] [MainThread]: python version: 3.13.7
[0m20:23:32.226370 [info ] [MainThread]: python path: C:\Users\Jeffy PC 2022\AppData\Local\Programs\Python\Python313\python.exe
[0m20:23:32.226639 [info ] [MainThread]: os info: Windows-11-10.0.26200-SP0
[0m20:23:32.933915 [debug] [MainThread]: Spark adapter: Setting pyhive.hive logging to ERROR
[0m20:23:32.934284 [debug] [MainThread]: Spark adapter: Setting thrift.transport logging to ERROR
[0m20:23:32.934493 [debug] [MainThread]: Spark adapter: Setting thrift.protocol logging to ERROR
[0m20:23:33.444816 [info ] [MainThread]: Using profiles dir at C:\Users\Jeffy PC 2022\.dbt
[0m20:23:33.445291 [info ] [MainThread]: Using profiles.yml file at C:\Users\Jeffy PC 2022\.dbt\profiles.yml
[0m20:23:33.445629 [info ] [MainThread]: Using dbt_project.yml file at C:\Users\Jeffy PC 2022\Desktop\TestProjects\Amazon Sales\amazon-etl-pipeline\dbt\dbt_project.yml
[0m20:23:33.445930 [info ] [MainThread]: adapter type: databricks
[0m20:23:33.446226 [info ] [MainThread]: adapter version: 1.12.0
[0m20:23:33.446562 [info ] [MainThread]: Configuration:
[0m20:23:33.446847 [info ] [MainThread]:   profiles.yml file [[32mOK found and valid[0m]
[0m20:23:33.447074 [info ] [MainThread]:   dbt_project.yml file [[31mERROR not found[0m]
[0m20:23:33.447275 [info ] [MainThread]: Required dependencies:
[0m20:23:33.447546 [debug] [MainThread]: Executing "git --help"
[0m20:23:33.481914 [debug] [MainThread]: STDOUT: "b"usage: git [-v | --version] [-h | --help] [-C <path>] [-c <name>=<value>]\n           [--exec-path[=<path>]] [--html-path] [--man-path] [--info-path]\n           [-p | --paginate | -P | --no-pager] [--no-replace-objects] [--no-lazy-fetch]\n           [--no-optional-locks] [--no-advice] [--bare] [--git-dir=<path>]\n           [--work-tree=<path>] [--namespace=<name>] [--config-env=<name>=<envvar>]\n           <command> [<args>]\n\nThese are common Git commands used in various situations:\n\nstart a working area (see also: git help tutorial)\n   clone      Clone a repository into a new directory\n   init       Create an empty Git repository or reinitialize an existing one\n\nwork on the current change (see also: git help everyday)\n   add        Add file contents to the index\n   mv         Move or rename a file, a directory, or a symlink\n   restore    Restore working tree files\n   rm         Remove files from the working tree and from the index\n\nexamine the history and state (see also: git help revisions)\n   bisect     Use binary search to find the commit that introduced a bug\n   diff       Show changes between commits, commit and working tree, etc\n   grep       Print lines matching a pattern\n   log        Show commit logs\n   show       Show various types of objects\n   status     Show the working tree status\n\ngrow, mark and tweak your common history\n   backfill   Download missing objects in a partial clone\n   branch     List, create, or delete branches\n   commit     Record changes to the repository\n   history    EXPERIMENTAL: Rewrite history\n   merge      Join two or more development histories together\n   rebase     Reapply commits on top of another base tip\n   reset      Set `HEAD` or the index to a known state\n   switch     Switch branches\n   tag        Create, list, delete or verify tags\n\ncollaborate (see also: git help workflows)\n   fetch      Download objects and refs from another repository\n   pull       Fetch from and integrate with another repository or a local branch\n   push       Update remote refs along with associated objects\n\n'git help -a' and 'git help -g' list available subcommands and some\nconcept guides. See 'git help <command>' or 'git help <concept>'\nto read about a specific subcommand or concept.\nSee 'git help git' for an overview of the system.\n""
[0m20:23:33.482302 [debug] [MainThread]: STDERR: "b''"
[0m20:23:33.482592 [info ] [MainThread]:  - git [[32mOK found[0m]

[0m20:23:33.482913 [info ] [MainThread]: Connection:
[0m20:23:33.483205 [info ] [MainThread]:   host: dbc-589cf719-90c9.cloud.databricks.com/
[0m20:23:33.483439 [info ] [MainThread]:   http_path: /sql/1.0/warehouses/15eb22e90dd32a4c
[0m20:23:33.483691 [info ] [MainThread]:   catalog: workspace
[0m20:23:33.483963 [info ] [MainThread]:   schema: dbt_dev
[0m20:23:33.484390 [info ] [MainThread]: Registered adapter: databricks=1.12.0
[0m20:23:33.711421 [debug] [MainThread]: Databricks adapter: DatabricksDBTConnection(session-id=None, name=debug) - Creating connection
[0m20:23:33.711718 [debug] [MainThread]: Acquiring new databricks connection 'debug'
[0m20:23:33.711983 [debug] [MainThread]: Using databricks connection "debug"
[0m20:23:33.712184 [debug] [MainThread]: On debug: select 1 as id
[0m20:23:33.712346 [debug] [MainThread]: Opening a new connection, currently in state init
[0m20:23:33.980324 [error] [MainThread]: databricks-sql-connector adapter: ThriftBackend.attempt_request: Exception: %s
[0m20:23:33.997037 [error] [MainThread]: Databricks adapter: Connection(session-id=Unknown) - Exception while trying to create connection: Error during request to server: : Invalid access token.. 
Error properties: attempt=1/30, bounded-retry-delay=None, elapsed-seconds=0.23408985137939453/900.0, error-message=: Invalid access token., http-code=403, method=OpenSession, no-retry-reason=non-retryable error, original-exception=, query-id=None, session-id=None
[0m20:23:33.997546 [debug] [MainThread]: Databricks adapter: Exception while trying to execute query
select 1 as id
: Database Error
  Error during request to server: : Invalid access token.. 
[0m20:23:33.997829 [debug] [MainThread]: On debug: No close available on handle
[0m20:23:33.998038 [info ] [MainThread]:   Connection test: [[31mERROR[0m]

[0m20:23:33.998388 [info ] [MainThread]: [31m2 checks failed:[0m
[0m20:23:33.998681 [info ] [MainThread]: Project loading failed for the following reason:
 project path <C:\Users\Jeffy PC 2022\Desktop\TestProjects\Amazon Sales\amazon-etl-pipeline\dbt\dbt_project.yml> not found

[0m20:23:33.998926 [info ] [MainThread]: dbt was unable to connect to the specified database.
The database returned the following error:

  >Database Error
  Database Error
    Error during request to server: : Invalid access token.. 

Check your database credentials and try again. For more information, visit:
https://docs.getdbt.com/docs/configure-your-profile


[0m20:23:33.999515 [debug] [MainThread]: Command `dbt debug` failed at 20:23:33.999412 after 1.90 seconds
[0m20:23:33.999816 [debug] [MainThread]: Sending event: {'category': 'dbt', 'action': 'invocation', 'label': 'end', 'context': [<snowplow_tracker.self_describing_json.SelfDescribingJson object at 0x00000297BD97A520>, <snowplow_tracker.self_describing_json.SelfDescribingJson object at 0x00000297BDB10710>, <snowplow_tracker.self_describing_json.SelfDescribingJson object at 0x00000297BD981260>]}
[0m20:23:34.000252 [debug] [MainThread]: Flushing usage events
[0m20:23:34.396548 [debug] [MainThread]: An error was encountered while trying to flush usage events
