[0m21:18:02.545588 [debug] [MainThread]: Sending event: {'category': 'dbt', 'action': 'invocation', 'label': 'start', 'context': [<snowplow_tracker.self_describing_json.SelfDescribingJson object at 0x0000021014359E80>, <snowplow_tracker.self_describing_json.SelfDescribingJson object at 0x00000210110A7390>, <snowplow_tracker.self_describing_json.SelfDescribingJson object at 0x0000021015042C10>]}


============================== 21:18:02.549245 | f730ed9d-4208-4e10-aca0-1f87ef67fdee ==============================
[0m21:18:02.549245 [info ] [MainThread]: Running with dbt=1.11.8
[0m21:18:02.549727 [debug] [MainThread]: running dbt with arguments {'static_parser': 'True', 'no_print': 'None', 'version_check': 'True', 'warn_error_options': 'WarnErrorOptionsV2(error=[], warn=[], silence=[])', 'target_path': 'None', 'printer_width': '80', 'write_json': 'True', 'empty': 'None', 'log_cache_events': 'False', 'introspect': 'True', 'cache_selected_only': 'False', 'fail_fast': 'False', 'debug': 'False', 'log_format': 'default', 'partial_parse': 'True', 'send_anonymous_usage_stats': 'True', 'quiet': 'False', 'warn_error': 'None', 'profiles_dir': 'C:\\Users\\Jeffy PC 2022\\.dbt', 'invocation_command': 'dbt docs generate', 'use_colors': 'True', 'indirect_selection': 'eager', 'use_experimental_parser': 'False', 'log_path': 'logs'}
[0m21:18:02.550176 [error] [MainThread]: Encountered an error:
Runtime Error
  No dbt_project.yml found at expected path C:\Users\Jeffy PC 2022\Desktop\TestProjects\Amazon Sales\amazon-etl-pipeline\dbt_project.yml
  Verify that each entry within packages.yml (and their transitive dependencies) contains a file named dbt_project.yml
  
[0m21:18:02.550756 [debug] [MainThread]: Command `dbt docs generate` failed at 21:18:02.550668 after 0.10 seconds
[0m21:18:02.550996 [debug] [MainThread]: Sending event: {'category': 'dbt', 'action': 'invocation', 'label': 'end', 'context': [<snowplow_tracker.self_describing_json.SelfDescribingJson object at 0x000002101578AD70>, <snowplow_tracker.self_describing_json.SelfDescribingJson object at 0x0000021015782D50>, <snowplow_tracker.self_describing_json.SelfDescribingJson object at 0x00000210157459D0>]}
[0m21:18:02.551222 [debug] [MainThread]: Flushing usage events
[0m21:18:03.016343 [debug] [MainThread]: An error was encountered while trying to flush usage events
[0m22:12:22.506242 [debug] [MainThread]: Sending event: {'category': 'dbt', 'action': 'invocation', 'label': 'start', 'context': [<snowplow_tracker.self_describing_json.SelfDescribingJson object at 0x000002526B7E9E80>, <snowplow_tracker.self_describing_json.SelfDescribingJson object at 0x0000025268587390>, <snowplow_tracker.self_describing_json.SelfDescribingJson object at 0x000002526C4D2C10>]}


============================== 22:12:22.509779 | f931aa65-e21a-42cf-b954-4a6ed3a84432 ==============================
[0m22:12:22.509779 [info ] [MainThread]: Running with dbt=1.11.8
[0m22:12:22.510308 [debug] [MainThread]: running dbt with arguments {'static_parser': 'True', 'no_print': 'None', 'version_check': 'True', 'warn_error_options': 'WarnErrorOptionsV2(error=[], warn=[], silence=[])', 'target_path': 'None', 'printer_width': '80', 'write_json': 'True', 'introspect': 'True', 'log_cache_events': 'False', 'empty': 'False', 'cache_selected_only': 'False', 'log_format': 'default', 'debug': 'False', 'fail_fast': 'False', 'profiles_dir': 'C:\\Users\\Jeffy PC 2022\\.dbt', 'send_anonymous_usage_stats': 'True', 'quiet': 'False', 'warn_error': 'None', 'partial_parse': 'True', 'use_colors': 'True', 'invocation_command': 'dbt run', 'indirect_selection': 'eager', 'use_experimental_parser': 'False', 'log_path': 'logs'}
[0m22:12:22.510647 [error] [MainThread]: Encountered an error:
Runtime Error
  No dbt_project.yml found at expected path C:\Users\Jeffy PC 2022\Desktop\TestProjects\Amazon Sales\amazon-etl-pipeline\dbt_project.yml
  Verify that each entry within packages.yml (and their transitive dependencies) contains a file named dbt_project.yml
  
[0m22:12:22.511235 [debug] [MainThread]: Command `dbt run` failed at 22:12:22.511146 after 0.10 seconds
[0m22:12:22.511509 [debug] [MainThread]: Sending event: {'category': 'dbt', 'action': 'invocation', 'label': 'end', 'context': [<snowplow_tracker.self_describing_json.SelfDescribingJson object at 0x000002526DBF2C40>, <snowplow_tracker.self_describing_json.SelfDescribingJson object at 0x000002526DBE2D50>, <snowplow_tracker.self_describing_json.SelfDescribingJson object at 0x000002526DBA59D0>]}
[0m22:12:22.511740 [debug] [MainThread]: Flushing usage events
[0m22:12:22.958168 [debug] [MainThread]: An error was encountered while trying to flush usage events
[0m19:52:29.404870 [debug] [MainThread]: Sending event: {'category': 'dbt', 'action': 'invocation', 'label': 'start', 'context': [<snowplow_tracker.self_describing_json.SelfDescribingJson object at 0x00000218ADF39E80>, <snowplow_tracker.self_describing_json.SelfDescribingJson object at 0x00000218AAC47390>, <snowplow_tracker.self_describing_json.SelfDescribingJson object at 0x00000218AEC32C10>]}


============================== 19:52:29.408674 | 51dce890-4a9e-4c44-a164-fbe8b20899f2 ==============================
[0m19:52:29.408674 [info ] [MainThread]: Running with dbt=1.11.8
[0m19:52:29.409127 [debug] [MainThread]: running dbt with arguments {'version_check': 'True', 'no_print': 'None', 'static_parser': 'True', 'target_path': 'None', 'warn_error_options': 'WarnErrorOptionsV2(error=[], warn=[], silence=[])', 'printer_width': '80', 'write_json': 'True', 'empty': 'False', 'log_cache_events': 'False', 'introspect': 'True', 'cache_selected_only': 'False', 'fail_fast': 'False', 'debug': 'False', 'log_format': 'default', 'partial_parse': 'True', 'send_anonymous_usage_stats': 'True', 'quiet': 'False', 'warn_error': 'None', 'profiles_dir': 'C:\\Users\\Jeffy PC 2022\\.dbt', 'invocation_command': 'dbt run', 'use_colors': 'True', 'indirect_selection': 'eager', 'use_experimental_parser': 'False', 'log_path': 'logs'}
[0m19:52:29.409440 [error] [MainThread]: Encountered an error:
Runtime Error
  No dbt_project.yml found at expected path C:\Users\Jeffy PC 2022\Desktop\TestProjects\Amazon Sales\amazon-etl-pipeline\dbt_project.yml
  Verify that each entry within packages.yml (and their transitive dependencies) contains a file named dbt_project.yml
  
[0m19:52:29.409974 [debug] [MainThread]: Command `dbt run` failed at 19:52:29.409889 after 0.15 seconds
[0m19:52:29.410208 [debug] [MainThread]: Sending event: {'category': 'dbt', 'action': 'invocation', 'label': 'end', 'context': [<snowplow_tracker.self_describing_json.SelfDescribingJson object at 0x00000218B0352C40>, <snowplow_tracker.self_describing_json.SelfDescribingJson object at 0x00000218B0342D50>, <snowplow_tracker.self_describing_json.SelfDescribingJson object at 0x00000218B03059D0>]}
[0m19:52:29.410426 [debug] [MainThread]: Flushing usage events
[0m19:52:29.814991 [debug] [MainThread]: An error was encountered while trying to flush usage events
[0m18:01:34.694823 [debug] [MainThread]: Sending event: {'category': 'dbt', 'action': 'invocation', 'label': 'start', 'context': [<snowplow_tracker.self_describing_json.SelfDescribingJson object at 0x00000169E8445E80>, <snowplow_tracker.self_describing_json.SelfDescribingJson object at 0x00000169E5177390>, <snowplow_tracker.self_describing_json.SelfDescribingJson object at 0x00000169E9132AD0>]}


============================== 18:01:34.698837 | d49d475e-18ab-4ccc-acf0-6387891b3ab1 ==============================
[0m18:01:34.698837 [info ] [MainThread]: Running with dbt=1.11.8
[0m18:01:34.699344 [debug] [MainThread]: running dbt with arguments {'version_check': 'True', 'no_print': 'None', 'static_parser': 'True', 'warn_error_options': 'WarnErrorOptionsV2(error=[], warn=[], silence=[])', 'target_path': 'None', 'printer_width': '80', 'write_json': 'True', 'introspect': 'True', 'log_cache_events': 'False', 'empty': 'False', 'cache_selected_only': 'False', 'fail_fast': 'False', 'debug': 'False', 'log_format': 'default', 'partial_parse': 'True', 'send_anonymous_usage_stats': 'True', 'quiet': 'False', 'warn_error': 'None', 'profiles_dir': 'C:\\Users\\Jeffy PC 2022\\.dbt', 'indirect_selection': 'eager', 'invocation_command': 'dbt run --select tab_category', 'use_colors': 'True', 'use_experimental_parser': 'False', 'log_path': 'logs'}
[0m18:01:34.699685 [error] [MainThread]: Encountered an error:
Runtime Error
  No dbt_project.yml found at expected path C:\Users\Jeffy PC 2022\Desktop\TestProjects\Amazon Sales\amazon-etl-pipeline\dbt_project.yml
  Verify that each entry within packages.yml (and their transitive dependencies) contains a file named dbt_project.yml
  
[0m18:01:34.700216 [debug] [MainThread]: Command `dbt run` failed at 18:01:34.700141 after 0.10 seconds
[0m18:01:34.700424 [debug] [MainThread]: Sending event: {'category': 'dbt', 'action': 'invocation', 'label': 'end', 'context': [<snowplow_tracker.self_describing_json.SelfDescribingJson object at 0x00000169EA84AD70>, <snowplow_tracker.self_describing_json.SelfDescribingJson object at 0x00000169EA842D50>, <snowplow_tracker.self_describing_json.SelfDescribingJson object at 0x00000169EA8019D0>]}
[0m18:01:34.700623 [debug] [MainThread]: Flushing usage events
[0m18:01:35.137830 [debug] [MainThread]: An error was encountered while trying to flush usage events
[0m18:04:26.744967 [debug] [MainThread]: Sending event: {'category': 'dbt', 'action': 'invocation', 'label': 'start', 'context': [<snowplow_tracker.self_describing_json.SelfDescribingJson object at 0x00000240A5175E80>, <snowplow_tracker.self_describing_json.SelfDescribingJson object at 0x00000240A1EB7390>, <snowplow_tracker.self_describing_json.SelfDescribingJson object at 0x00000240A5E62AD0>]}


============================== 18:04:26.748395 | bb2ad604-47ca-4033-92ae-2e07646a205e ==============================
[0m18:04:26.748395 [info ] [MainThread]: Running with dbt=1.11.8
[0m18:04:26.748852 [debug] [MainThread]: running dbt with arguments {'static_parser': 'True', 'no_print': 'None', 'version_check': 'True', 'target_path': 'None', 'warn_error_options': 'WarnErrorOptionsV2(error=[], warn=[], silence=[])', 'printer_width': '80', 'write_json': 'True', 'empty': 'False', 'log_cache_events': 'False', 'introspect': 'True', 'cache_selected_only': 'False', 'fail_fast': 'False', 'debug': 'False', 'log_format': 'default', 'profiles_dir': 'C:\\Users\\Jeffy PC 2022\\.dbt', 'send_anonymous_usage_stats': 'True', 'quiet': 'False', 'warn_error': 'None', 'partial_parse': 'True', 'invocation_command': 'dbt run --select tab_category', 'indirect_selection': 'eager', 'use_colors': 'True', 'use_experimental_parser': 'False', 'log_path': 'logs'}
[0m18:04:26.749186 [error] [MainThread]: Encountered an error:
Runtime Error
  No dbt_project.yml found at expected path C:\Users\Jeffy PC 2022\Desktop\TestProjects\Amazon Sales\amazon-etl-pipeline\dbt_project.yml
  Verify that each entry within packages.yml (and their transitive dependencies) contains a file named dbt_project.yml
  
[0m18:04:26.749873 [debug] [MainThread]: Command `dbt run` failed at 18:04:26.749772 after 0.09 seconds
[0m18:04:26.750152 [debug] [MainThread]: Sending event: {'category': 'dbt', 'action': 'invocation', 'label': 'end', 'context': [<snowplow_tracker.self_describing_json.SelfDescribingJson object at 0x00000240A757AD70>, <snowplow_tracker.self_describing_json.SelfDescribingJson object at 0x00000240A7572D50>, <snowplow_tracker.self_describing_json.SelfDescribingJson object at 0x00000240A75319D0>]}
[0m18:04:26.750413 [debug] [MainThread]: Flushing usage events
[0m18:04:27.182157 [debug] [MainThread]: An error was encountered while trying to flush usage events
